npm warn Unknown env config "http-proxy". This will stop working in the next major version of npm.

> test
> node --check app.js && node engine.test.cjs && node hosted-feed.test.cjs && node --test experience.test.cjs server/*.test.mjs tests/*.test.cjs

checks passed: journal, historical replay, missing data, ranking and single source
scan check: complete, partial and fresh prices
universe check: asset 101 receives full analysis
coverage check: all 170 Spot receive full multi-horizon analysis
instrument check: exact X-Perp and Spot-only state
hosted feed checks passed
✔ user SHORT example: partial exits, zero allocations and full TP3 (1.138255ms)
✔ fees apply to actual entry and exit notionals; FX converts quantity and reporting (0.373913ms)
✔ long, risk budget, invalid stop and allocation failures (0.304158ms)
✔ contract estimates require verified matching linear specifications (0.226591ms)
✔ pagination reads older pages, deduplicates and preserves order (2.684324ms)
✔ incremental windows equal full refresh after mutable candle and closure updates (71.369778ms)
✔ concurrent reads share the same request; callers cannot mutate cached bars (0.707426ms)
✔ a failed refresh throws instead of presenting stale cached candles (1.10186ms)
✔ retains a qualifying small asset and deduplicates trades and minute events (2.28397ms)
✔ rejects stale, future and non Spot USDT trades (0.28554ms)
✔ new listings and delistings update existing subscription groups (1.494091ms)
✔ F03: all Learning summaries exclude legacy and null R consistently (403.136518ms)
✔ F05: internal gaps are UNVERIFIED; future closed flags cannot resolve observations (19.772987ms)
✔ F12: levels must be positive and targets ordered; current valid long/short unchanged (7.838249ms)
✔ F02: a daily candle is unavailable until its close, including boundary (7.797918ms)
✔ F01/F02/F31: complete historical UI path supplies normalized, causal bars and resolves rejection levels (111.758834ms)
✔ F06: REST refresh wins over old cached candle; newer concurrent WS still wins (278.338635ms)
✔ F01: raw API histories really reach finite adaptive levels through the adapter (44.184033ms)
✔ F18: volume page preserves quote volume and does not multiply by price (527.585624ms)
✔ F22: late scenario response cannot replace another page for the same asset (24.5669ms)
✔ F22: leaving during initial projection prevents a zombie timer (11.160513ms)
✔ F22: detail response/timer cannot survive leaving the page (10.140516ms)
✔ F22: metric response cannot replace settings after navigation (11.446023ms)
✔ F30: clearing local scan history clears memory and disk together (10.093365ms)
✔ F32: derived spread/direction match final short boost, scores unchanged (33.688031ms)
✔ F26: a delisted favorite contract is not reopened as a live projection (18.399699ms)
✔ F24: old favorite retains its own levels when latest lock is replaced (16.577203ms)
✔ F25: ticker failure never advertises LIVE; successful recent ticker is labelled (273.402239ms)
✔ F24: wrong local storage types do not crash favorites, history, locks or statistics (395.02663ms)
✔ F24: malformed import is rejected before writing any existing observation (10.890075ms)
✔ F24: quota errors are reported and a favorite toggle rolls back instead of claiming saved (12.903269ms)
✔ F24: blocked browser storage does not throw during migration (15.238727ms)
✔ F20: indicator gauges distinguish indicative bounds from historical extrema (406.027272ms)
✔ F19/F29: no inactive ratio sort or fake compact setting; static lessons are not click targets (11.45698ms)
✔ F29: comparator distinguishes exact instruments and collapses duplicate choices (34.854488ms)
✔ F27/F28: directional bearish families are not labelled unfavorable to a SHORT (72.309248ms)
✔ Learning UI states current tracking limits and does not claim statistical sufficiency (8.023346ms)
✔ chart extrema labels remain scoped to their visible observed candles (20.211619ms)
✔ F25: stale ticker is distinct from forming candle and confirmed close (140.485486ms)
✔ V8.9.15 reference plus individually reviewed D01/D02 deltas (527.746126ms)
✔ D02: forming candle is display-only, unlike the characterized V8.9.15 behavior (21.725399ms)
✔ V8.9.15: terminal TP1 and no expiry remain characterized, not silently redesigned (10.75345ms)
✔ synthetic lab never writes production weights or local observations (13.556703ms)
✔ L7: audited V8.9.16 business functions, engines, storage and horizons remain byte-identical (430.224971ms)
✔ L7: old local data survives chart preferences and chart consultation without migration (8.701048ms)
✔ L7: isolated prototype and npm test tooling never enter the application precache (0.850181ms)
✔ L0/G01: characterize identical formulas on different historical seeds without blessing them as engine references (382.100782ms)
✔ L0: the six decision horizons and selected contract remain the baseline (9.222564ms)
✔ L0→L6/G06/G07: absent levels stay absent and overlays do not set candle extrema (37.116686ms)
✔ L0→L6/G04: observations occupy elapsed time, not array index (2.272684ms)
✔ L0: inventory C01–C11 and preserve both simulator hosts (2.557572ms)
✔ L0: reading a projection preserves an existing lock and simulation hypotheses (12.493151ms)
✔ L1: immutable chart model isolates input objects and rejects ghost levels (5.665936ms)
✔ L1/G02: timeframe, zoom and reset do not invoke the business cycle or alter storage (533.238681ms)
✔ L1: consultation-only 1m load cannot enter decision frames (38.644157ms)
✔ L4 DOM: tap pins a timestamp; append, zoom, pan and toggles preserve selection and simulator (292.870838ms)
✔ L4 DOM: two-pointer pinch changes only viewport; vertical touch drag does not pan (46.688987ms)
✔ L4 DOM: keyboard selection, three price meanings and legitimate reference control (66.493301ms)
✔ L7: a ticker whose supplied freshness deadline has elapsed cannot remain labelled live (52.08862ms)
✔ L5: projection gestures preserve scenario, model and journal; periodic refresh preserves actual simulator DOM (860.251784ms)
✔ L5: Price and deep routes share the same host; controls do not change simulator inputs (101.046416ms)
✔ L5: structural adapter reads existing levels and reports their actual horizon/date without zones (34.047292ms)
✔ L6: returning from deep chart restores an interactive fiche and its refresh owner (232.006256ms)
✔ L7: journal markers use observed activation/closure times, never the opening time of that candle (102.382209ms)
✔ L7: an engine reference is unavailable when its model belongs to another exact contract (19.751535ms)
✔ L6: elapsed time, missing observations, signed values and score zero remain distinct (21.593581ms)
✔ L6: volume and funding use histograms, never interpolated events (1.923678ms)
✔ L6: metric selection uses timestamp and remains selected after resize/redraw (451.846875ms)
✔ L6: metric pages expose only meaningful controls, exact quote volume, score 0 and missing funding (144.65489ms)
✔ L4: container density gives readable bodies on mobile with thousands of available candles (68.144329ms)
✔ L4/G07/G08: price auto-fit includes only visible candles; distant levels remain truthful (3.863631ms)
✔ L4: selection stays anchored to timestamp through viewport changes and data append/prepend (6.205408ms)
✔ L4: timestamp gaps are genuine empty space and optional indicators cannot change data (5.244601ms)
✔ L2/G01: zoom and history prepend preserve every existing indicator value and calculation version (404.770504ms)
✔ L2: reference mode uses exactly the confirmed input array supplied by the engine (52.847474ms)
✔ L2: no data mutation and no Math implementation introduced by the provider (21.787773ms)
✔ D01: computed ADX reaches trigger signal and confidence without new weights (423.045285ms)
✔ D01: ADX resolves a trigger tie using the existing +1 bonus (28.119798ms)
✔ D02: forming candle never contributes to decision features (424.015881ms)
✔ D02: reject OHLC, duplicates, gaps, future timestamps and premature closed flag (11.70927ms)
✔ D02: invalid horizon explicitly remains missing, never repaired or synthesized (13.255209ms)
✔ D03: rejection against major bias uses its admitted pattern, not global biasBear (418.030244ms)
✔ D04: live stop alert is provisional, not a resolved observation (44.03601ms)
✔ D04: after interruption a possible old activation must be UNVERIFIED (9.27998ms)
✔ D04: known untriggered bars replay stop wick even if close recovers (7.81938ms)
✔ D04: same bar entry/stop and missing prefix cannot be declared cancelled or activated (18.069381ms)
✔ D04: uninterrupted entry, next-bar exit, idempotence (9.918583ms)
✔ D05: inclusive two-trigger TTL and 120s ticker, centralized configuration (410.655659ms)
✔ D05: each horizon and future dates checked independently (52.467152ms)
✔ D05: suspension cannot change existing lock levels or count an unknown entry (9.523317ms)
✔ D06: shared admission rejects incomplete horizons, missing book, wrong instrument and wrong kind (444.775852ms)
✔ D06: requested direction and kind never fall back to another scenario (7.86588ms)
✔ D06: scan/card/projection all use canonical depths and retain engine directional result (44.861268ms)
✔ D06: ranking click records exact market, direction and kind (10.961554ms)
✔ D06: actual ranking → scenario cards → locked projection preserve identical levels (174.777908ms)
✔ D06: existing Spot lock cannot activate with missing depth or excessive spread (138.756817ms)
✔ D07: retention keeps every open observation, plus at most 1500 terminal records (403.825967ms)
✔ D07: failure between writes restores all keys, never a half-created lock (14.035444ms)
✔ D07: restart recovers interrupted transaction before any subsystem reads it (12.204867ms)
✔ D07: backup contains versioned full state, including locks and favorite links (5.803964ms)
✔ D07: persistent quota during rollback exposes old snapshot and blocks new writes (8.491773ms)
✔ D07: failed outcome persistence cannot falsely display a resolved observation (7.018944ms)
✔ D08: colliding IDs preserve local and imported records; spoofed local provenance is ignored (422.571021ms)
✔ D08: same import is idempotent, legacy without provenance never becomes verified (10.790916ms)
✔ D07/D08: full restore reconnects lock/journal/favorite and preserves levels without granting trust (8.267305ms)
✔ D08: full-state conflicts are archived and reported; no silent overwrite (9.301252ms)
✔ D08: invalid backup and interrupted restore never partially modify data (9.722226ms)
✔ D09: historical diagnostic exposes missing coverage and cannot write weights or journal (492.747536ms)
✔ D10: remaining models/metadata stay documentary without automatic promotion (9.861455ms)
✔ release: all versioned entry assets exist and share the application/service-worker version (4.305236ms)
ℹ tests 110
ℹ suites 0
ℹ pass 110
ℹ fail 0
ℹ cancelled 0
ℹ skipped 0
ℹ todo 0
ℹ duration_ms 2548.701537
