v24.19.0
checks passed: journal, historical replay, missing data, ranking and single source
scan check: complete, partial and fresh prices
universe check: asset 101 receives full analysis
coverage check: all 170 Spot receive full multi-horizon analysis
instrument check: exact X-Perp and Spot-only state
hosted feed checks passed
✔ user SHORT example: partial exits, zero allocations and full TP3 (3.790417ms)
✔ fees apply to actual entry and exit notionals; FX converts quantity and reporting (0.853111ms)
✔ long, risk budget, invalid stop and allocation failures (0.969089ms)
✔ contract estimates require verified matching linear specifications (0.601467ms)
✔ pagination reads older pages, deduplicates and preserves order (10.24614ms)
✔ incremental windows equal full refresh after mutable candle and closure updates (213.922368ms)
✔ concurrent reads share the same request; callers cannot mutate cached bars (1.203588ms)
✔ a failed refresh throws instead of presenting stale cached candles (2.177613ms)
✔ retains a qualifying small asset and deduplicates trades and minute events (4.223696ms)
✔ rejects stale, future and non Spot USDT trades (0.421229ms)
✔ new listings and delistings update existing subscription groups (13.37273ms)
✔ F03: all Learning summaries exclude legacy and null R consistently (46.727529ms)
✔ F05: internal gaps are UNVERIFIED; future closed flags cannot resolve observations (15.151952ms)
✔ F12: levels must be positive and targets ordered; current valid long/short unchanged (17.026642ms)
✔ F02: a daily candle is unavailable until its close, including boundary (18.098024ms)
✔ F01/F02/F31: complete historical UI path supplies normalized, causal bars and resolves rejection levels (237.882228ms)
✔ F06: REST refresh wins over old cached candle; newer concurrent WS still wins (137.766754ms)
✔ F01: raw API histories really reach finite adaptive levels through the adapter (53.229229ms)
✔ F18: volume page preserves quote volume and does not multiply by price (139.323513ms)
✔ F22: late scenario response cannot replace another page for the same asset (28.37934ms)
✔ F22: leaving during initial projection prevents a zombie timer (13.600481ms)
✔ F22: detail response/timer cannot survive leaving the page (13.202501ms)
✔ F22: metric response cannot replace settings after navigation (7.85334ms)
✔ F30: clearing local scan history clears memory and disk together (7.912822ms)
✔ F32: derived spread/direction match final short boost, scores unchanged (94.807216ms)
✔ F26: a delisted favorite contract is not reopened as a live projection (18.873422ms)
✔ F24: old favorite retains its own levels when latest lock is replaced (13.563273ms)
✔ F25: ticker failure never advertises LIVE; successful recent ticker is labelled (79.590042ms)
✔ F24: wrong local storage types do not crash favorites, history, locks or statistics (26.450994ms)
✔ F24: malformed import is rejected before writing any existing observation (15.289208ms)
✔ F24: quota errors are reported and a favorite toggle rolls back instead of claiming saved (12.112158ms)
✔ F24: blocked browser storage does not throw during migration (12.842143ms)
✔ F20: indicator gauges distinguish indicative bounds from historical extrema (30.354741ms)
✔ F19/F29: no inactive ratio sort or fake compact setting; static lessons are not click targets (11.140229ms)
✔ F29: comparator distinguishes exact instruments and collapses duplicate choices (11.784812ms)
✔ F27/F28: directional bearish families are not labelled unfavorable to a SHORT (159.833432ms)
✔ Learning UI states current tracking limits and does not claim statistical sufficiency (8.295612ms)
✔ chart extrema labels remain scoped to their observed candles (128.597092ms)
✔ F25: projection legend cannot label stale ticker LIVE or confuse chart price with ticker (38.793459ms)
✔ V8.9.15 reference plus individually reviewed D01/D02 deltas (280.650476ms)
✔ D02: forming candle is display-only, unlike the characterized V8.9.15 behavior (33.097741ms)
✔ V8.9.15: terminal TP1 and no expiry remain characterized, not silently redesigned (10.564256ms)
✔ synthetic lab never writes production weights or local observations (14.747908ms)
✔ D01: computed ADX reaches trigger signal and confidence without new weights (159.412728ms)
✔ D01: ADX resolves a trigger tie using the existing +1 bonus (79.112868ms)
✔ D02: forming candle never contributes to decision features (72.322567ms)
✔ D02: reject OHLC, duplicates, gaps, future timestamps and premature closed flag (13.962501ms)
✔ D02: invalid horizon explicitly remains missing, never repaired or synthesized (17.600352ms)
✔ D03: rejection against major bias uses its admitted pattern, not global biasBear (21.385534ms)
✔ D04: live stop alert is provisional, not a resolved observation (54.149386ms)
✔ D04: after interruption a possible old activation must be UNVERIFIED (8.037866ms)
✔ D04: known untriggered bars replay stop wick even if close recovers (12.227924ms)
✔ D04: same bar entry/stop and missing prefix cannot be declared cancelled or activated (16.561782ms)
✔ D04: uninterrupted entry, next-bar exit, idempotence (10.559438ms)
✔ D05: inclusive two-trigger TTL and 120s ticker, centralized configuration (21.289127ms)
✔ D05: each horizon and future dates checked independently (40.008871ms)
✔ D05: suspension cannot change existing lock levels or count an unknown entry (11.025192ms)
✔ D06: shared admission rejects incomplete horizons, missing book, wrong instrument and wrong kind (58.555979ms)
✔ D06: requested direction and kind never fall back to another scenario (11.171488ms)
✔ D06: scan/card/projection all use canonical depths and retain engine directional result (146.513798ms)
✔ D06: ranking click records exact market, direction and kind (6.645619ms)
✔ D06: actual ranking → scenario cards → locked projection preserve identical levels (146.085519ms)
✔ D06: existing Spot lock cannot activate with missing depth or excessive spread (74.752955ms)
✔ D07: retention keeps every open observation, plus at most 1500 terminal records (61.219917ms)
✔ D07: failure between writes restores all keys, never a half-created lock (14.794128ms)
✔ D07: restart recovers interrupted transaction before any subsystem reads it (9.864199ms)
✔ D07: backup contains versioned full state, including locks and favorite links (12.501208ms)
✔ D07: persistent quota during rollback exposes old snapshot and blocks new writes (10.032856ms)
✔ D07: failed outcome persistence cannot falsely display a resolved observation (10.813715ms)
✔ D08: colliding IDs preserve local and imported records; spoofed local provenance is ignored (30.125165ms)
✔ D08: same import is idempotent, legacy without provenance never becomes verified (10.350287ms)
✔ D07/D08: full restore reconnects lock/journal/favorite and preserves levels without granting trust (15.844138ms)
✔ D08: full-state conflicts are archived and reported; no silent overwrite (10.862036ms)
✔ D08: invalid backup and interrupted restore never partially modify data (15.164847ms)
✔ D09: historical diagnostic exposes missing coverage and cannot write weights or journal (127.708137ms)
✔ D10: remaining models/metadata stay documentary without automatic promotion (13.109087ms)
✔ release: all versioned entry assets exist and share the application/service-worker version (11.912337ms)
ℹ tests 77
ℹ suites 0
ℹ pass 77
ℹ fail 0
ℹ cancelled 0
ℹ skipped 0
ℹ todo 0
ℹ duration_ms 1934.891877
