✔ user SHORT example: partial exits, zero allocations and full TP3 (1.722065ms)
✔ fees apply to actual entry and exit notionals; FX converts quantity and reporting (0.408615ms)
✔ long, risk budget, invalid stop and allocation failures (0.313803ms)
✔ contract estimates require verified matching linear specifications (0.276897ms)
✔ pagination reads older pages, deduplicates and preserves order (4.547581ms)
✔ incremental windows equal full refresh after mutable candle and closure updates (76.686503ms)
✔ concurrent reads share the same request; callers cannot mutate cached bars (1.105135ms)
✔ a failed refresh throws instead of presenting stale cached candles (1.131805ms)
✔ retains a qualifying small asset and deduplicates trades and minute events (2.282499ms)
✔ rejects stale, future and non Spot USDT trades (0.25879ms)
✔ new listings and delistings update existing subscription groups (1.883288ms)
✔ F03: all Learning summaries exclude legacy and null R consistently (9.497939ms)
✔ F05: internal gaps are UNVERIFIED; future closed flags cannot resolve observations (3.368525ms)
✔ F12: levels must be positive and targets ordered; current valid long/short unchanged (2.043077ms)
✔ F02: a daily candle is unavailable until its close, including boundary (4.099726ms)
✔ F01/F02/F31: complete historical UI path supplies normalized, causal bars and resolves rejection levels (72.701645ms)
✔ F06: REST refresh wins over old cached candle; newer concurrent WS still wins (49.437518ms)
✔ F01: raw API histories really reach finite adaptive levels through the adapter (18.788636ms)
✔ F18: volume page preserves quote volume and does not multiply by price (26.915889ms)
✔ F22: late scenario response cannot replace another page for the same asset (6.93676ms)
✔ F22: leaving during initial projection prevents a zombie timer (2.945567ms)
✔ F22: detail response/timer cannot survive leaving the page (8.043858ms)
✔ F22: metric response cannot replace settings after navigation (2.516681ms)
✔ F30: clearing local scan history clears memory and disk together (2.526136ms)
✔ F32: derived spread/direction match final short boost, scores unchanged (21.424116ms)
✔ F26: a delisted favorite contract is not reopened as a live projection (7.051653ms)
✔ F24: old favorite retains its own levels when latest lock is replaced (2.28349ms)
✔ F25: ticker failure never advertises LIVE; successful recent ticker is labelled (55.139108ms)
✔ F24: wrong local storage types do not crash favorites, history, locks or statistics (11.308726ms)
✔ F24: malformed import is rejected before writing any existing observation (4.43382ms)
✔ F24: quota errors are reported and a favorite toggle rolls back instead of claiming saved (3.209675ms)
✔ F24: blocked browser storage does not throw during migration (5.444172ms)
✔ F20: indicator gauges distinguish indicative bounds from historical extrema (8.012661ms)
✔ F19/F29: no inactive ratio sort or fake compact setting; static lessons are not click targets (3.510549ms)
✔ F29: comparator distinguishes exact instruments and collapses duplicate choices (3.531029ms)
✔ F27/F28: directional bearish families are not labelled unfavorable to a SHORT (69.335214ms)
✔ Learning UI states current tracking limits and does not claim statistical sufficiency (3.54453ms)
✔ chart extrema labels remain scoped to their observed candles (33.839238ms)
✔ F25: projection legend cannot label stale ticker LIVE or confuse chart price with ticker (9.47884ms)
✔ V8.9.15 reference plus individually reviewed D01/D02 deltas (108.325333ms)
✔ D02: forming candle is display-only, unlike the characterized V8.9.15 behavior (15.321532ms)
✔ V8.9.15: terminal TP1 and no expiry remain characterized, not silently redesigned (3.500754ms)
✔ synthetic lab never writes production weights or local observations (6.929639ms)
✔ D01: computed ADX reaches trigger signal and confidence without new weights (31.889271ms)
✔ D01: ADX resolves a trigger tie using the existing +1 bonus (29.043946ms)
✔ D02: forming candle never contributes to decision features (22.584534ms)
✔ D02: reject OHLC, duplicates, gaps, future timestamps and premature closed flag (4.692048ms)
✔ D02: invalid horizon explicitly remains missing, never repaired or synthesized (5.064489ms)
✔ D03: rejection against major bias uses its admitted pattern, not global biasBear (9.44605ms)
✔ D04: live stop alert is provisional, not a resolved observation (17.406493ms)
✔ D04: after interruption a possible old activation must be UNVERIFIED (2.338673ms)
✔ D04: known untriggered bars replay stop wick even if close recovers (3.328454ms)
✔ D04: same bar entry/stop and missing prefix cannot be declared cancelled or activated (3.734626ms)
✔ D04: uninterrupted entry, next-bar exit, idempotence (2.139243ms)
✔ D05: inclusive two-trigger TTL and 120s ticker, centralized configuration (9.263916ms)
✔ D05: each horizon and future dates checked independently (13.606267ms)
✔ D05: suspension cannot change existing lock levels or count an unknown entry (3.47134ms)
✔ D06: shared admission rejects incomplete horizons, missing book, wrong instrument and wrong kind (16.481149ms)
✔ D06: requested direction and kind never fall back to another scenario (5.026492ms)
✔ D06: scan/card/projection all use canonical depths and retain engine directional result (40.111338ms)
✔ D06: ranking click records exact market, direction and kind (2.531163ms)
✔ D06: actual ranking → scenario cards → locked projection preserve identical levels (49.268463ms)
✔ D06: existing Spot lock cannot activate with missing depth or excessive spread (29.932674ms)
✔ D07: retention keeps every open observation, plus at most 1500 terminal records (11.375006ms)
✔ D07: failure between writes restores all keys, never a half-created lock (3.56455ms)
✔ D07: restart recovers interrupted transaction before any subsystem reads it (2.499926ms)
✔ D07: backup contains versioned full state, including locks and favorite links (3.009374ms)
✔ D07: persistent quota during rollback exposes old snapshot and blocks new writes (2.34984ms)
✔ D07: failed outcome persistence cannot falsely display a resolved observation (2.185212ms)
✔ D08: colliding IDs preserve local and imported records; spoofed local provenance is ignored (10.759289ms)
✔ D08: same import is idempotent, legacy without provenance never becomes verified (3.090846ms)
✔ D07/D08: full restore reconnects lock/journal/favorite and preserves levels without granting trust (5.379594ms)
✔ D08: full-state conflicts are archived and reported; no silent overwrite (5.464202ms)
✔ D08: invalid backup and interrupted restore never partially modify data (5.09822ms)
✔ D09: historical diagnostic exposes missing coverage and cannot write weights or journal (57.231473ms)
✔ D10: remaining models/metadata stay documentary without automatic promotion (4.630096ms)
✔ release: all versioned entry assets exist and share the application/service-worker version (3.095333ms)
ℹ tests 77
ℹ suites 0
ℹ pass 77
ℹ fail 0
ℹ cancelled 0
ℹ skipped 0
ℹ todo 0
ℹ duration_ms 495.637745
